sample.interval=20000
"system.time" "simulate_data" 
"sample.int" "sample" "simulate_gender" "simulate_demographics" "simulate_data" "system.time" "simulate_data" 
"sample.int" "sample" "simulate_gender" "simulate_demographics" "simulate_data" "system.time" "simulate_data" 
"sample.int" "sample" "simulate_gender" "simulate_demographics" "simulate_data" "system.time" "simulate_data" 
"sample.int" "sample" "simulate_gender" "simulate_demographics" "simulate_data" "system.time" "simulate_data" 
"sample.int" "sample" "simulate_religion" "simulate_demographics" "simulate_data" "system.time" "simulate_data" 
"factor" "simulate_religion" "simulate_demographics" "simulate_data" "system.time" "simulate_data" 
"factor" "simulate_religion" "simulate_demographics" "simulate_data" "system.time" "simulate_data" 
"factor" "simulate_religion" "simulate_demographics" "simulate_data" "system.time" "simulate_data" 
"factor" "simulate_religion" "simulate_demographics" "simulate_data" "system.time" "simulate_data" 
"factor" "simulate_religion" "simulate_demographics" "simulate_data" "system.time" "simulate_data" 
"factor" "simulate_religion" "simulate_demographics" "simulate_data" "system.time" "simulate_data" 
"factor" "simulate_religion" "simulate_demographics" "simulate_data" "system.time" "simulate_data" 
"factor" "simulate_religion" "simulate_demographics" "simulate_data" "system.time" "simulate_data" 
"factor" "simulate_religion" "simulate_demographics" "simulate_data" "system.time" "simulate_data" 
"factor" "simulate_religion" "simulate_demographics" "simulate_data" "system.time" "simulate_data" 
"factor" "simulate_religion" "simulate_demographics" "simulate_data" "system.time" "simulate_data" 
"factor" "simulate_religion" "simulate_demographics" "simulate_data" "system.time" "simulate_data" 
"factor" "simulate_religion" "simulate_demographics" "simulate_data" "system.time" "simulate_data" 
"factor" "simulate_religion" "simulate_demographics" "simulate_data" "system.time" "simulate_data" 
"c" "sample" "simulate_years_education" "simulate_education" "simulate_data" "system.time" "simulate_data" 
"sample.int" "sample" "simulate_years_education" "simulate_education" "simulate_data" "system.time" "simulate_data" 
"sample.int" "sample" "simulate_years_education" "simulate_education" "simulate_data" "system.time" "simulate_data" 
"ifelse" "create_education_indicator" "simulate_education" "simulate_data" "system.time" "simulate_data" 
"factor" "create_education_indicator" "simulate_education" "simulate_data" "system.time" "simulate_data" 
"factor" "create_education_indicator" "simulate_education" "simulate_data" "system.time" "simulate_data" 
"factor" "create_education_indicator" "simulate_education" "simulate_data" "system.time" "simulate_data" 
"factor" "create_education_indicator" "simulate_education" "simulate_data" "system.time" "simulate_data" 
"factor" "create_education_indicator" "simulate_education" "simulate_data" "system.time" "simulate_data" 
"factor" "create_education_indicator" "simulate_education" "simulate_data" "system.time" "simulate_data" 
"factor" "create_education_indicator" "simulate_education" "simulate_data" "system.time" "simulate_data" 
"factor" "create_education_indicator" "simulate_education" "simulate_data" "system.time" "simulate_data" 
"factor" "create_education_indicator" "simulate_education" "simulate_data" "system.time" "simulate_data" 
"factor" "create_education_indicator" "simulate_education" "simulate_data" "system.time" "simulate_data" 
"factor" "create_education_indicator" "simulate_education" "simulate_data" "system.time" "simulate_data" 
"factor" "create_education_indicator" "simulate_education" "simulate_data" "system.time" "simulate_data" 
"factor" "create_education_indicator" "simulate_education" "simulate_data" "system.time" "simulate_data" 
"factor" "create_education_indicator" "simulate_education" "simulate_data" "system.time" "simulate_data" 
"factor" "create_education_indicator" "simulate_education" "simulate_data" "system.time" "simulate_data" 
"factor" "create_education_indicator" "simulate_education" "simulate_data" "system.time" "simulate_data" 
"factor" "create_education_indicator" "simulate_education" "simulate_data" "system.time" "simulate_data" 
"factor" "create_education_indicator" "simulate_education" "simulate_data" "system.time" "simulate_data" 
"factor" "create_education_indicator" "simulate_education" "simulate_data" "system.time" "simulate_data" 
"factor" "create_education_indicator" "simulate_education" "simulate_data" "system.time" "simulate_data" 
"factor" "create_education_indicator" "simulate_education" "simulate_data" "system.time" "simulate_data" 
"factor" "create_education_indicator" "simulate_education" "simulate_data" "system.time" "simulate_data" 
"factor" "create_education_indicator" "simulate_education" "simulate_data" "system.time" "simulate_data" 
"factor" "create_education_indicator" "simulate_education" "simulate_data" "system.time" "simulate_data" 
"factor" "create_education_indicator" "simulate_education" "simulate_data" "system.time" "simulate_data" 
"factor" "create_education_indicator" "simulate_education" "simulate_data" "system.time" "simulate_data" 
"sample" "simulate_age" "simulate_data" "system.time" "simulate_data" 
"stopifnot" "sample.int" "sample" "simulate_age" "simulate_data" "system.time" "simulate_data" 
"c" "sample.int" "sample" "simulate_age" "simulate_data" "system.time" "simulate_data" 
"runif" "simulate_age" "simulate_data" "system.time" "simulate_data" 
"simulate_age" "simulate_data" "system.time" "simulate_data" 
"sample.int" "sample" "simulate_age" "simulate_data" "system.time" "simulate_data" 
"sample" "simulate_age" "simulate_data" "system.time" "simulate_data" 
"stopifnot" "sample.int" "sample" "simulate_age" "simulate_data" "system.time" "simulate_data" 
"stopifnot" "sample.int" "sample" "simulate_age" "simulate_data" "system.time" "simulate_data" 
"simulate_age" "simulate_data" "system.time" "simulate_data" 
"stopifnot" "sample.int" "sample" "simulate_age" "simulate_data" "system.time" "simulate_data" 
"simulate_age" "simulate_data" "system.time" "simulate_data" 
"all" "stopifnot" "sample.int" "sample" "simulate_age" "simulate_data" "system.time" "simulate_data" 
"simulate_age" "simulate_data" "system.time" "simulate_data" 
"stopifnot" "sample.int" "sample" "simulate_age" "simulate_data" "system.time" "simulate_data" 
"stopifnot" "sample.int" "sample" "simulate_age" "simulate_data" "system.time" "simulate_data" 
"simulate_age" "simulate_data" "system.time" "simulate_data" 
"simulate_age" "simulate_data" "system.time" "simulate_data" 
"c" "sample" "simulate_age" "simulate_data" "system.time" "simulate_data" 
"stopifnot" "sample.int" "sample" "simulate_age" "simulate_data" "system.time" "simulate_data" 
"stopifnot" "sample.int" "sample" "simulate_age" "simulate_data" "system.time" "simulate_data" 
"runif" "simulate_age" "simulate_data" "system.time" "simulate_data" 
"sample.int" "sample" "simulate_age" "simulate_data" "system.time" "simulate_data" 
"simulate_age" "simulate_data" "system.time" "simulate_data" 
"runif" "simulate_age" "simulate_data" "system.time" "simulate_data" 
"sample" "simulate_age" "simulate_data" "system.time" "simulate_data" 
"sample.int" "sample" "simulate_age" "simulate_data" "system.time" "simulate_data" 
"sample.int" "sample" "simulate_age" "simulate_data" "system.time" "simulate_data" 
"length" "...elt" "stopifnot" "sample.int" "sample" "simulate_age" "simulate_data" "system.time" "simulate_data" 
"sample" "simulate_age" "simulate_data" "system.time" "simulate_data" 
"sample.int" "sample" "simulate_age" "simulate_data" "system.time" "simulate_data" 
"simulate_age" "simulate_data" "system.time" "simulate_data" 
"simulate_age" "simulate_data" "system.time" "simulate_data" 
"sample" "simulate_age" "simulate_data" "system.time" "simulate_data" 
"sample" "simulate_age" "simulate_data" "system.time" "simulate_data" 
"length" "...elt" "stopifnot" "sample.int" "sample" "simulate_age" "simulate_data" "system.time" "simulate_data" 
"c" "sample" "simulate_age" "simulate_data" "system.time" "simulate_data" 
"simulate_age" "simulate_data" "system.time" "simulate_data" 
"sample.int" "sample" "simulate_age" "simulate_data" "system.time" "simulate_data" 
"stopifnot" "sample.int" "sample" "simulate_age" "simulate_data" "system.time" "simulate_data" 
"runif" "simulate_age" "simulate_data" "system.time" "simulate_data" 
"stopifnot" "sample.int" "sample" "simulate_age" "simulate_data" "system.time" "simulate_data" 
"simulate_age" "simulate_data" "system.time" "simulate_data" 
"sample.int" "sample" "simulate_age" "simulate_data" "system.time" "simulate_data" 
"stopifnot" "sample.int" "sample" "simulate_age" "simulate_data" "system.time" "simulate_data" 
"sample" "simulate_age" "simulate_data" "system.time" "simulate_data" 
"c" "sample" "simulate_age" "simulate_data" "system.time" "simulate_data" 
"stopifnot" "sample.int" "sample" "simulate_age" "simulate_data" "system.time" "simulate_data" 
"runif" "simulate_age" "simulate_data" "system.time" "simulate_data" 
"runif" "simulate_age" "simulate_data" "system.time" "simulate_data" 
"sample.int" "sample" "simulate_age" "simulate_data" "system.time" "simulate_data" 
"...elt" "stopifnot" "sample.int" "sample" "simulate_age" "simulate_data" "system.time" "simulate_data" 
"sample.int" "sample" "simulate_age" "simulate_data" "system.time" "simulate_data" 
"c" "sample.int" "sample" "simulate_age" "simulate_data" "system.time" "simulate_data" 
"sample" "simulate_age" "simulate_data" "system.time" "simulate_data" 
"stopifnot" "sample.int" "sample" "simulate_age" "simulate_data" "system.time" "simulate_data" 
"stopifnot" "sample.int" "sample" "simulate_age" "simulate_data" "system.time" "simulate_data" 
"sample.int" "sample" "simulate_age" "simulate_data" "system.time" "simulate_data" 
"runif" "simulate_age" "simulate_data" "system.time" "simulate_data" 
"sample" "simulate_age" "simulate_data" "system.time" "simulate_data" 
"runif" "simulate_age" "simulate_data" "system.time" "simulate_data" 
"c" "sample" "simulate_age" "simulate_data" "system.time" "simulate_data" 
"...elt" "stopifnot" "sample.int" "sample" "simulate_age" "simulate_data" "system.time" "simulate_data" 
"sample.int" "sample" "simulate_age" "simulate_data" "system.time" "simulate_data" 
"stopifnot" "sample.int" "sample" "simulate_age" "simulate_data" "system.time" "simulate_data" 
"sample" "simulate_age" "simulate_data" "system.time" "simulate_data" 
"stopifnot" "sample.int" "sample" "simulate_age" "simulate_data" "system.time" "simulate_data" 
"sample" "simulate_age" "simulate_data" "system.time" "simulate_data" 
"stopifnot" "sample.int" "sample" "simulate_age" "simulate_data" "system.time" "simulate_data" 
"sample.int" "sample" "simulate_age" "simulate_data" "system.time" "simulate_data" 
"rnorm" "simulate_age" "simulate_data" "system.time" "simulate_data" 
"sample.int" "sample" "simulate_age" "simulate_data" "system.time" "simulate_data" 
"stopifnot" "sample.int" "sample" "simulate_age" "simulate_data" "system.time" "simulate_data" 
"stopifnot" "sample.int" "sample" "simulate_age" "simulate_data" "system.time" "simulate_data" 
"stopifnot" "sample.int" "sample" "simulate_age" "simulate_data" "system.time" "simulate_data" 
"stopifnot" "sample.int" "sample" "simulate_age" "simulate_data" "system.time" "simulate_data" 
"stopifnot" "sample.int" "sample" "simulate_age" "simulate_data" "system.time" "simulate_data" 
"sample.int" "sample" "simulate_age" "simulate_data" "system.time" "simulate_data" 
"runif" "simulate_age" "simulate_data" "system.time" "simulate_data" 
"sample.int" "sample" "simulate_age" "simulate_data" "system.time" "simulate_data" 
"all" "stopifnot" "sample.int" "sample" "simulate_age" "simulate_data" "system.time" "simulate_data" 
"simulate_age" "simulate_data" "system.time" "simulate_data" 
"simulate_age" "simulate_data" "system.time" "simulate_data" 
"...elt" "stopifnot" "sample.int" "sample" "simulate_age" "simulate_data" "system.time" "simulate_data" 
"simulate_age" "simulate_data" "system.time" "simulate_data" 
"sample.int" "sample" "simulate_age" "simulate_data" "system.time" "simulate_data" 
"stopifnot" "sample.int" "sample" "simulate_age" "simulate_data" "system.time" "simulate_data" 
"simulate_age" "simulate_data" "system.time" "simulate_data" 
"all" "stopifnot" "sample.int" "sample" "simulate_age" "simulate_data" "system.time" "simulate_data" 
"simulate_age" "simulate_data" "system.time" "simulate_data" 
"simulate_age" "simulate_data" "system.time" "simulate_data" 
"simulate_age" "simulate_data" "system.time" "simulate_data" 
"rnorm" "simulate_age" "simulate_data" "system.time" "simulate_data" 
"sample.int" "sample" "simulate_age" "simulate_data" "system.time" "simulate_data" 
"simulate_age" "simulate_data" "system.time" "simulate_data" 
"sample" "simulate_age" "simulate_data" "system.time" "simulate_data" 
"simulate_age" "simulate_data" "system.time" "simulate_data" 
"all" "stopifnot" "sample.int" "sample" "simulate_age" "simulate_data" "system.time" "simulate_data" 
"simulate_age" "simulate_data" "system.time" "simulate_data" 
"simulate_age" "simulate_data" "system.time" "simulate_data" 
"simulate_age" "simulate_data" "system.time" "simulate_data" 
"stopifnot" "sample.int" "sample" "simulate_age" "simulate_data" "system.time" "simulate_data" 
"simulate_age" "simulate_data" "system.time" "simulate_data" 
"simulate_age" "simulate_data" "system.time" "simulate_data" 
"sample.int" "sample" "simulate_age" "simulate_data" "system.time" "simulate_data" 
"stopifnot" "sample.int" "sample" "simulate_age" "simulate_data" "system.time" "simulate_data" 
"simulate_age" "simulate_data" "system.time" "simulate_data" 
"stopifnot" "sample.int" "sample" "simulate_age" "simulate_data" "system.time" "simulate_data" 
"...elt" "stopifnot" "sample.int" "sample" "simulate_age" "simulate_data" "system.time" "simulate_data" 
"stopifnot" "sample.int" "sample" "simulate_age" "simulate_data" "system.time" "simulate_data" 
"...elt" "stopifnot" "sample.int" "sample" "simulate_age" "simulate_data" "system.time" "simulate_data" 
"simulate_age" "simulate_data" "system.time" "simulate_data" 
"simulate_age" "simulate_data" "system.time" "simulate_data" 
"simulate_age" "simulate_data" "system.time" "simulate_data" 
"sample.int" "sample" "simulate_age" "simulate_data" "system.time" "simulate_data" 
"simulate_age" "simulate_data" "system.time" "simulate_data" 
"simulate_age" "simulate_data" "system.time" "simulate_data" 
"simulate_age" "simulate_data" "system.time" "simulate_data" 
"simulate_age" "simulate_data" "system.time" "simulate_data" 
"sample" "simulate_age" "simulate_data" "system.time" "simulate_data" 
"runif" "simulate_age" "simulate_data" "system.time" "simulate_data" 
"stopifnot" "sample.int" "sample" "simulate_age" "simulate_data" "system.time" "simulate_data" 
"c" "sample" "simulate_age" "simulate_data" "system.time" "simulate_data" 
"stopifnot" "sample.int" "sample" "simulate_age" "simulate_data" "system.time" "simulate_data" 
"sample.int" "sample" "simulate_age" "simulate_data" "system.time" "simulate_data" 
"runif" "simulate_age" "simulate_data" "system.time" "simulate_data" 
"simulate_age" "simulate_data" "system.time" "simulate_data" 
"sample" "simulate_age" "simulate_data" "system.time" "simulate_data" 
"simulate_age" "simulate_data" "system.time" "simulate_data" 
"simulate_age" "simulate_data" "system.time" "simulate_data" 
"length" "sample" "simulate_age" "simulate_data" "system.time" "simulate_data" 
"simulate_age" "simulate_data" "system.time" "simulate_data" 
"simulate_age" "simulate_data" "system.time" "simulate_data" 
"simulate_age" "simulate_data" "system.time" "simulate_data" 
"all" "stopifnot" "sample.int" "sample" "simulate_age" "simulate_data" "system.time" "simulate_data" 
"sample" "simulate_age" "simulate_data" "system.time" "simulate_data" 
"all" "stopifnot" "sample.int" "sample" "simulate_age" "simulate_data" "system.time" "simulate_data" 
"simulate_age" "simulate_data" "system.time" "simulate_data" 
"all" "stopifnot" "sample.int" "sample" "simulate_age" "simulate_data" "system.time" "simulate_data" 
"stopifnot" "sample.int" "sample" "simulate_age" "simulate_data" "system.time" "simulate_data" 
"...elt" "stopifnot" "sample.int" "sample" "simulate_age" "simulate_data" "system.time" "simulate_data" 
"simulate_age" "simulate_data" "system.time" "simulate_data" 
"sample.int" "sample" "simulate_age" "simulate_data" "system.time" "simulate_data" 
"sample" "simulate_age" "simulate_data" "system.time" "simulate_data" 
"simulate_age" "simulate_data" "system.time" "simulate_data" 
"simulate_age" "simulate_data" "system.time" "simulate_data" 
"c" "sample" "simulate_age" "simulate_data" "system.time" "simulate_data" 
"simulate_age" "simulate_data" "system.time" "simulate_data" 
"...length" "stopifnot" "sample.int" "sample" "simulate_age" "simulate_data" "system.time" "simulate_data" 
"simulate_age" "simulate_data" "system.time" "simulate_data" 
"c" "sample" "simulate_age" "simulate_data" "system.time" "simulate_data" 
"stopifnot" "sample.int" "sample" "simulate_age" "simulate_data" "system.time" "simulate_data" 
"simulate_age" "simulate_data" "system.time" "simulate_data" 
"simulate_age" "simulate_data" "system.time" "simulate_data" 
"stopifnot" "sample.int" "sample" "simulate_age" "simulate_data" "system.time" "simulate_data" 
"all" "stopifnot" "sample.int" "sample" "simulate_age" "simulate_data" "system.time" "simulate_data" 
"sample.int" "sample" "simulate_age" "simulate_data" "system.time" "simulate_data" 
"rnorm" "simulate_age" "simulate_data" "system.time" "simulate_data" 
"simulate_age" "simulate_data" "system.time" "simulate_data" 
"sample" "simulate_age" "simulate_data" "system.time" "simulate_data" 
"simulate_age" "simulate_data" "system.time" "simulate_data" 
"simulate_age" "simulate_data" "system.time" "simulate_data" 
"stopifnot" "sample.int" "sample" "simulate_age" "simulate_data" "system.time" "simulate_data" 
"all" "stopifnot" "sample.int" "sample" "simulate_age" "simulate_data" "system.time" "simulate_data" 
"sample" "simulate_age" "simulate_data" "system.time" "simulate_data" 
"stopifnot" "sample.int" "sample" "simulate_age" "simulate_data" "system.time" "simulate_data" 
"simulate_age" "simulate_data" "system.time" "simulate_data" 
"...elt" "stopifnot" "sample.int" "sample" "simulate_age" "simulate_data" "system.time" "simulate_data" 
"simulate_age" "simulate_data" "system.time" "simulate_data" 
"simulate_age" "simulate_data" "system.time" "simulate_data" 
"sample" "simulate_age" "simulate_data" "system.time" "simulate_data" 
"stopifnot" "sample.int" "sample" "simulate_age" "simulate_data" "system.time" "simulate_data" 
"simulate_age" "simulate_data" "system.time" "simulate_data" 
"stopifnot" "sample.int" "sample" "simulate_age" "simulate_data" "system.time" "simulate_data" 
"simulate_age" "simulate_data" "system.time" "simulate_data" 
"simulate_age" "simulate_data" "system.time" "simulate_data" 
"stopifnot" "sample.int" "sample" "simulate_age" "simulate_data" "system.time" "simulate_data" 
"simulate_age" "simulate_data" "system.time" "simulate_data" 
"sample" "simulate_age" "simulate_data" "system.time" "simulate_data" 
"simulate_age" "simulate_data" "system.time" "simulate_data" 
"sample.int" "sample" "simulate_age" "simulate_data" "system.time" "simulate_data" 
"simulate_age" "simulate_data" "system.time" "simulate_data" 
"simulate_age" "simulate_data" "system.time" "simulate_data" 
"sample.int" "sample" "simulate_age" "simulate_data" "system.time" "simulate_data" 
"sample" "simulate_age" "simulate_data" "system.time" "simulate_data" 
"simulate_age" "simulate_data" "system.time" "simulate_data" 
"simulate_age" "simulate_data" "system.time" "simulate_data" 
"sample.int" "sample" "simulate_age" "simulate_data" "system.time" "simulate_data" 
"simulate_age" "simulate_data" "system.time" "simulate_data" 
"simulate_age" "simulate_data" "system.time" "simulate_data" 
"stopifnot" "sample.int" "sample" "simulate_age" "simulate_data" "system.time" "simulate_data" 
"simulate_age" "simulate_data" "system.time" "simulate_data" 
"simulate_age" "simulate_data" "system.time" "simulate_data" 
"Ops.factor" "==" "simulate_outcome" "simulate_data" "system.time" "simulate_data" 
"rnorm" "simulate_outcome" "simulate_data" "system.time" "simulate_data" 
"rnorm" "simulate_outcome" "simulate_data" "system.time" "simulate_data" 
"system.time" "simulate_data" 
